src/ecrans/EcranAdmin.tsx(92,31): error TS2820: Type '"database-outline"' is not assignable to type '"options" | "link" | "unlink" | "happy-outline" | "happy" | "restaurant-outline" | "restaurant" | "book-outline" | "book" | "location-outline" | "location" | "musical-notes-outline" | ... 1345 more ... | undefined'. Did you mean '"basket-outline"'?
src/ecrans/EcranSplash.tsx(39,84): error TS2551: Property 'sine' does not exist on type '{ linear: (t: number) => number; ease: (t: number) => number; quad: (t: number) => number; cubic: (t: number) => number; poly: (n: number) => EasingFunction; sin: (t: number) => number; ... 10 more ...; inOut: (easing: EasingFunction) => EasingFunction; }'. Did you mean 'sin'?
src/ecrans/EcranSplash.tsx(40,81): error TS2551: Property 'sine' does not exist on type '{ linear: (t: number) => number; ease: (t: number) => number; quad: (t: number) => number; cubic: (t: number) => number; poly: (n: number) => EasingFunction; sin: (t: number) => number; ... 10 more ...; inOut: (easing: EasingFunction) => EasingFunction; }'. Did you mean 'sin'?
